Archive member included to satisfy reference by file (symbol)

/home/nikita/st/stm32cubeide_1.10.1/plugins/com.st.stm32cube.ide.mcu.externaltools.gnu-tools-for-stm32.10.3-2021.10.linux64_1.0.0.202111181127/tools/bin/../lib/gcc/arm-none-eabi/10.3.1/../../../../arm-none-eabi/lib/thumb/v7-m/nofp/libc_nano.a(lib_a-errno.o)
                              ./Core/Src/syscalls.o (__errno)
/home/nikita/st/stm32cubeide_1.10.1/plugins/com.st.stm32cube.ide.mcu.externaltools.gnu-tools-for-stm32.10.3-2021.10.linux64_1.0.0.202111181127/tools/bin/../lib/gcc/arm-none-eabi/10.3.1/../../../../arm-none-eabi/lib/thumb/v7-m/nofp/libc_nano.a(lib_a-exit.o)
                              /home/nikita/st/stm32cubeide_1.10.1/plugins/com.st.stm32cube.ide.mcu.externaltools.gnu-tools-for-stm32.10.3-2021.10.linux64_1.0.0.202111181127/tools/bin/../lib/gcc/arm-none-eabi/10.3.1/../../../../arm-none-eabi/lib/thumb/v7-m/nofp/crt0.o (exit)
/home/nikita/st/stm32cubeide_1.10.1/plugins/com.st.stm32cube.ide.mcu.externaltools.gnu-tools-for-stm32.10.3-2021.10.linux64_1.0.0.202111181127/tools/bin/../lib/gcc/arm-none-eabi/10.3.1/../../../../arm-none-eabi/lib/thumb/v7-m/nofp/libc_nano.a(lib_a-impure.o)
                              /home/nikita/st/stm32cubeide_1.10.1/plugins/com.st.stm32cube.ide.mcu.externaltools.gnu-tools-for-stm32.10.3-2021.10.linux64_1.0.0.202111181127/tools/bin/../lib/gcc/arm-none-eabi/10.3.1/../../../../arm-none-eabi/lib/thumb/v7-m/nofp/libc_nano.a(lib_a-exit.o) (_global_impure_ptr)
/home/nikita/st/stm32cubeide_1.10.1/plugins/com.st.stm32cube.ide.mcu.externaltools.gnu-tools-for-stm32.10.3-2021.10.linux64_1.0.0.202111181127/tools/bin/../lib/gcc/arm-none-eabi/10.3.1/../../../../arm-none-eabi/lib/thumb/v7-m/nofp/libc_nano.a(lib_a-init.o)
                              /home/nikita/st/stm32cubeide_1.10.1/plugins/com.st.stm32cube.ide.mcu.externaltools.gnu-tools-for-stm32.10.3-2021.10.linux64_1.0.0.202111181127/tools/bin/../lib/gcc/arm-none-eabi/10.3.1/../../../../arm-none-eabi/lib/thumb/v7-m/nofp/crt0.o (__libc_init_array)
/home/nikita/st/stm32cubeide_1.10.1/plugins/com.st.stm32cube.ide.mcu.externaltools.gnu-tools-for-stm32.10.3-2021.10.linux64_1.0.0.202111181127/tools/bin/../lib/gcc/arm-none-eabi/10.3.1/../../../../arm-none-eabi/lib/thumb/v7-m/nofp/libc_nano.a(lib_a-memset.o)
                              /home/nikita/st/stm32cubeide_1.10.1/plugins/com.st.stm32cube.ide.mcu.externaltools.gnu-tools-for-stm32.10.3-2021.10.linux64_1.0.0.202111181127/tools/bin/../lib/gcc/arm-none-eabi/10.3.1/../../../../arm-none-eabi/lib/thumb/v7-m/nofp/crt0.o (memset)

Discarded input sections

 .text          0x0000000000000000        0x0 /home/nikita/st/stm32cubeide_1.10.1/plugins/com.st.stm32cube.ide.mcu.externaltools.gnu-tools-for-stm32.10.3-2021.10.linux64_1.0.0.202111181127/tools/bin/../lib/gcc/arm-none-eabi/10.3.1/thumb/v7-m/nofp/crti.o
 .data          0x0000000000000000        0x0 /home/nikita/st/stm32cubeide_1.10.1/plugins/com.st.stm32cube.ide.mcu.externaltools.gnu-tools-for-stm32.10.3-2021.10.linux64_1.0.0.202111181127/tools/bin/../lib/gcc/arm-none-eabi/10.3.1/thumb/v7-m/nofp/crti.o
 .bss           0x0000000000000000        0x0 /home/nikita/st/stm32cubeide_1.10.1/plugins/com.st.stm32cube.ide.mcu.externaltools.gnu-tools-for-stm32.10.3-2021.10.linux64_1.0.0.202111181127/tools/bin/../lib/gcc/arm-none-eabi/10.3.1/thumb/v7-m/nofp/crti.o
 .data          0x0000000000000000        0x4 /home/nikita/st/stm32cubeide_1.10.1/plugins/com.st.stm32cube.ide.mcu.externaltools.gnu-tools-for-stm32.10.3-2021.10.linux64_1.0.0.202111181127/tools/bin/../lib/gcc/arm-none-eabi/10.3.1/thumb/v7-m/nofp/crtbegin.o
 .rodata        0x0000000000000000       0x24 /home/nikita/st/stm32cubeide_1.10.1/plugins/com.st.stm32cube.ide.mcu.externaltools.gnu-tools-for-stm32.10.3-2021.10.linux64_1.0.0.202111181127/tools/bin/../lib/gcc/arm-none-eabi/10.3.1/thumb/v7-m/nofp/crtbegin.o
 .text          0x0000000000000000       0x7c /home/nikita/st/stm32cubeide_1.10.1/plugins/com.st.stm32cube.ide.mcu.externaltools.gnu-tools-for-stm32.10.3-2021.10.linux64_1.0.0.202111181127/tools/bin/../lib/gcc/arm-none-eabi/10.3.1/../../../../arm-none-eabi/lib/thumb/v7-m/nofp/crt0.o
 .data          0x0000000000000000        0x0 /home/nikita/st/stm32cubeide_1.10.1/plugins/com.st.stm32cube.ide.mcu.externaltools.gnu-tools-for-stm32.10.3-2021.10.linux64_1.0.0.202111181127/tools/bin/../lib/gcc/arm-none-eabi/10.3.1/../../../../arm-none-eabi/lib/thumb/v7-m/nofp/crt0.o
 .bss           0x0000000000000000        0x0 /home/nikita/st/stm32cubeide_1.10.1/plugins/com.st.stm32cube.ide.mcu.externaltools.gnu-tools-for-stm32.10.3-2021.10.linux64_1.0.0.202111181127/tools/bin/../lib/gcc/arm-none-eabi/10.3.1/../../../../arm-none-eabi/lib/thumb/v7-m/nofp/crt0.o
 .ARM.extab     0x0000000000000000        0x0 /home/nikita/st/stm32cubeide_1.10.1/plugins/com.st.stm32cube.ide.mcu.externaltools.gnu-tools-for-stm32.10.3-2021.10.linux64_1.0.0.202111181127/tools/bin/../lib/gcc/arm-none-eabi/10.3.1/../../../../arm-none-eabi/lib/thumb/v7-m/nofp/crt0.o
 .ARM.exidx     0x0000000000000000       0x10 /home/nikita/st/stm32cubeide_1.10.1/plugins/com.st.stm32cube.ide.mcu.externaltools.gnu-tools-for-stm32.10.3-2021.10.linux64_1.0.0.202111181127/tools/bin/../lib/gcc/arm-none-eabi/10.3.1/../../../../arm-none-eabi/lib/thumb/v7-m/nofp/crt0.o
 .ARM.attributes
                0x0000000000000000       0x1b /home/nikita/st/stm32cubeide_1.10.1/plugins/com.st.stm32cube.ide.mcu.externaltools.gnu-tools-for-stm32.10.3-2021.10.linux64_1.0.0.202111181127/tools/bin/../lib/gcc/arm-none-eabi/10.3.1/../../../../arm-none-eabi/lib/thumb/v7-m/nofp/crt0.o
 .group         0x0000000000000000        0xc ./Core/Src/main.o
 .group         0x0000000000000000        0xc ./Core/Src/main.o
 .group         0x0000000000000000        0xc ./Core/Src/main.o
 .group         0x0000000000000000        0xc ./Core/Src/main.o
 .group         0x0000000000000000        0xc ./Core/Src/main.o
 .group         0x0000000000000000        0xc ./Core/Src/main.o
 .group         0x0000000000000000        0xc ./Core/Src/main.o
 .group         0x0000000000000000        0xc ./Core/Src/main.o
 .group         0x0000000000000000        0xc ./Core/Src/main.o
 .group         0x0000000000000000        0xc ./Core/Src/main.o
 .group         0x0000000000000000        0xc ./Core/Src/main.o
 .group         0x0000000000000000        0xc ./Core/Src/main.o
 .group         0x0000000000000000        0xc ./Core/Src/main.o
 .group         0x0000000000000000        0xc ./Core/Src/main.o
 .group         0x0000000000000000        0xc ./Core/Src/main.o
 .text          0x0000000000000000        0x0 ./Core/Src/main.o
 .data          0x0000000000000000        0x0 ./Core/Src/main.o
 .bss           0x0000000000000000        0x0 ./Core/Src/main.o
 .group         0x0000000000000000        0xc ./Core/Src/rccconfig.o
 .group         0x0000000000000000        0xc ./Core/Src/rccconfig.o
 .group         0x0000000000000000        0xc ./Core/Src/rccconfig.o
 .group         0x0000000000000000        0xc ./Core/Src/rccconfig.o
 .group         0x0000000000000000        0xc ./Core/Src/rccconfig.o
 .group         0x0000000000000000        0xc ./Core/Src/rccconfig.o
 .group         0x0000000000000000        0xc ./Core/Src/rccconfig.o
 .group         0x0000000000000000        0xc ./Core/Src/rccconfig.o
 .group         0x0000000000000000        0xc ./Core/Src/rccconfig.o
 .group         0x0000000000000000        0xc ./Core/Src/rccconfig.o
 .group         0x0000000000000000        0xc ./Core/Src/rccconfig.o
 .group         0x0000000000000000        0xc ./Core/Src/rccconfig.o
 .group         0x0000000000000000        0xc ./Core/Src/rccconfig.o
 .group         0x0000000000000000        0xc ./Core/Src/rccconfig.o
 .group         0x0000000000000000        0xc ./Core/Src/rccconfig.o
 .text          0x0000000000000000        0x0 ./Core/Src/rccconfig.o
 .data          0x0000000000000000        0x0 ./Core/Src/rccconfig.o
 .bss           0x0000000000000000        0x0 ./Core/Src/rccconfig.o
 .debug_macro   0x0000000000000000      0xa66 ./Core/Src/rccconfig.o
 .debug_macro   0x0000000000000000       0x2e ./Core/Src/rccconfig.o
 .debug_macro   0x0000000000000000       0x22 ./Core/Src/rccconfig.o
 .debug_macro   0x0000000000000000       0x22 ./Core/Src/rccconfig.o
 .debug_macro   0x0000000000000000       0x8e ./Core/Src/rccconfig.o
 .debug_macro   0x0000000000000000       0x51 ./Core/Src/rccconfig.o
 .debug_macro   0x0000000000000000      0x103 ./Core/Src/rccconfig.o
 .debug_macro   0x0000000000000000       0x6a ./Core/Src/rccconfig.o
 .debug_macro   0x0000000000000000      0x1df ./Core/Src/rccconfig.o
 .debug_macro   0x0000000000000000       0x1c ./Core/Src/rccconfig.o
 .debug_macro   0x0000000000000000       0x22 ./Core/Src/rccconfig.o
 .debug_macro   0x0000000000000000       0xbd ./Core/Src/rccconfig.o
 .debug_macro   0x0000000000000000      0xd23 ./Core/Src/rccconfig.o
 .debug_macro   0x0000000000000000     0xe09e ./Core/Src/rccconfig.o
 .debug_macro   0x0000000000000000       0x6d ./Core/Src/rccconfig.o
 .group         0x0000000000000000        0xc ./Core/Src/syscalls.o
 .group         0x0000000000000000        0xc ./Core/Src/syscalls.o
 .group         0x0000000000000000        0xc ./Core/Src/syscalls.o
 .group         0x0000000000000000        0xc ./Core/Src/syscalls.o
 .group         0x0000000000000000        0xc ./Core/Src/syscalls.o
 .group         0x0000000000000000        0xc ./Core/Src/syscalls.o
 .group         0x0000000000000000        0xc ./Core/Src/syscalls.o
 .group         0x0000000000000000        0xc ./Core/Src/syscalls.o
 .group         0x0000000000000000        0xc ./Core/Src/syscalls.o
 .group         0x0000000000000000        0xc ./Core/Src/syscalls.o
 .group         0x0000000000000000        0xc ./Core/Src/syscalls.o
 .group         0x0000000000000000        0xc ./Core/Src/syscalls.o
 .group         0x0000000000000000        0xc ./Core/Src/syscalls.o
 .group         0x0000000000000000        0xc ./Core/Src/syscalls.o
 .group         0x0000000000000000        0xc ./Core/Src/syscalls.o
 .group         0x0000000000000000        0xc ./Core/Src/syscalls.o
 .group         0x0000000000000000        0xc ./Core/Src/syscalls.o
 .group         0x0000000000000000        0xc ./Core/Src/syscalls.o
 .group         0x0000000000000000        0xc ./Core/Src/syscalls.o
 .group         0x0000000000000000        0xc ./Core/Src/syscalls.o
 .group         0x0000000000000000        0xc ./Core/Src/syscalls.o
 .group         0x0000000000000000        0xc ./Core/Src/syscalls.o
 .group         0x0000000000000000        0xc ./Core/Src/syscalls.o
 .group         0x0000000000000000        0xc ./Core/Src/syscalls.o
 .group         0x0000000000000000        0xc ./Core/Src/syscalls.o
 .group         0x0000000000000000        0xc ./Core/Src/syscalls.o
 .group         0x0000000000000000        0xc ./Core/Src/syscalls.o
 .group         0x0000000000000000        0xc ./Core/Src/syscalls.o
 .group         0x0000000000000000        0xc ./Core/Src/syscalls.o
 .group         0x0000000000000000        0xc ./Core/Src/syscalls.o
 .group         0x0000000000000000        0xc ./Core/Src/syscalls.o
 .group         0x0000000000000000        0xc ./Core/Src/syscalls.o
 .group         0x0000000000000000        0xc ./Core/Src/syscalls.o
 .group         0x0000000000000000        0xc ./Core/Src/syscalls.o
 .group         0x0000000000000000        0xc ./Core/Src/syscalls.o
 .group         0x0000000000000000        0xc ./Core/Src/syscalls.o
 .group         0x0000000000000000        0xc ./Core/Src/syscalls.o
 .group         0x0000000000000000        0xc ./Core/Src/syscalls.o
 .group         0x0000000000000000        0xc ./Core/Src/syscalls.o
 .group         0x0000000000000000        0xc ./Core/Src/syscalls.o
 .group         0x0000000000000000        0xc ./Core/Src/syscalls.o
 .group         0x0000000000000000        0xc ./Core/Src/syscalls.o
 .group         0x0000000000000000        0xc ./Core/Src/syscalls.o
 .group         0x0000000000000000        0xc ./Core/Src/syscalls.o
 .group         0x0000000000000000        0xc ./Core/Src/syscalls.o
 .group         0x0000000000000000        0xc ./Core/Src/syscalls.o
 .group         0x0000000000000000        0xc ./Core/Src/syscalls.o
 .text          0x0000000000000000        0x0 ./Core/Src/syscalls.o
 .data          0x0000000000000000        0x0 ./Core/Src/syscalls.o
 .bss           0x0000000000000000        0x0 ./Core/Src/syscalls.o
 .bss.__env     0x0000000000000000        0x4 ./Core/Src/syscalls.o
 .data.environ  0x0000000000000000        0x4 ./Core/Src/syscalls.o
 .text.initialise_monitor_handles
                0x0000000000000000        0xc ./Core/Src/syscalls.o
 .text._getpid  0x0000000000000000        0xe ./Core/Src/syscalls.o
 .text._kill    0x0000000000000000       0x20 ./Core/Src/syscalls.o
 .text._exit    0x0000000000000000       0x14 ./Core/Src/syscalls.o
 .text._read    0x0000000000000000       0x3a ./Core/Src/syscalls.o
 .text._write   0x0000000000000000       0x38 ./Core/Src/syscalls.o
 .text._close   0x0000000000000000       0x16 ./Core/Src/syscalls.o
 .text._fstat   0x0000000000000000       0x1e ./Core/Src/syscalls.o
 .text._isatty  0x0000000000000000       0x14 ./Core/Src/syscalls.o
 .text._lseek   0x0000000000000000       0x18 ./Core/Src/syscalls.o
 .text._open    0x0000000000000000       0x1a ./Core/Src/syscalls.o
 .text._wait    0x0000000000000000       0x1e ./Core/Src/syscalls.o
 .text._unlink  0x0000000000000000       0x1e ./Core/Src/syscalls.o
 .text._times   0x0000000000000000       0x16 ./Core/Src/syscalls.o
 .text._stat    0x0000000000000000       0x1e ./Core/Src/syscalls.o
 .text._link    0x0000000000000000       0x20 ./Core/Src/syscalls.o
 .text._fork    0x0000000000000000       0x16 ./Core/Src/syscalls.o
 .text._execve  0x0000000000000000       0x22 ./Core/Src/syscalls.o
 .debug_info    0x0000000000000000      0x6e0 ./Core/Src/syscalls.o
 .debug_abbrev  0x0000000000000000      0x1b3 ./Core/Src/syscalls.o
 .debug_aranges
                0x0000000000000000       0xa8 ./Core/Src/syscalls.o
 .debug_ranges  0x0000000000000000       0x98 ./Core/Src/syscalls.o
 .debug_macro   0x0000000000000000      0x24c ./Core/Src/syscalls.o
 .debug_macro   0x0000000000000000      0xa66 ./Core/Src/syscalls.o
 .debug_macro   0x0000000000000000       0x22 ./Core/Src/syscalls.o
 .debug_macro   0x0000000000000000       0x4c ./Core/Src/syscalls.o
 .debug_macro   0x0000000000000000       0x18 ./Core/Src/syscalls.o
 .debug_macro   0x0000000000000000       0x94 ./Core/Src/syscalls.o
 .debug_macro   0x0000000000000000       0x3c ./Core/Src/syscalls.o
 .debug_macro   0x0000000000000000       0x34 ./Core/Src/syscalls.o
 .debug_macro   0x0000000000000000       0x57 ./Core/Src/syscalls.o
 .debug_macro   0x0000000000000000      0x174 ./Core/Src/syscalls.o
 .debug_macro   0x0000000000000000      0x341 ./Core/Src/syscalls.o
 .debug_macro   0x0000000000000000       0x16 ./Core/Src/syscalls.o
 .debug_macro   0x0000000000000000       0x43 ./Core/Src/syscalls.o
 .debug_macro   0x0000000000000000       0x34 ./Core/Src/syscalls.o
 .debug_macro   0x0000000000000000       0x10 ./Core/Src/syscalls.o
 .debug_macro   0x0000000000000000       0x58 ./Core/Src/syscalls.o
 .debug_macro   0x0000000000000000       0x71 ./Core/Src/syscalls.o
 .debug_macro   0x0000000000000000       0x1c ./Core/Src/syscalls.o
 .debug_macro   0x0000000000000000      0x12a ./Core/Src/syscalls.o
 .debug_macro   0x0000000000000000       0x10 ./Core/Src/syscalls.o
 .debug_macro   0x0000000000000000       0x35 ./Core/Src/syscalls.o
 .debug_macro   0x0000000000000000       0x10 ./Core/Src/syscalls.o
 .debug_macro   0x0000000000000000       0x10 ./Core/Src/syscalls.o
 .debug_macro   0x0000000000000000       0x10 ./Core/Src/syscalls.o
 .debug_macro   0x0000000000000000       0x6a ./Core/Src/syscalls.o
 .debug_macro   0x0000000000000000       0x1c ./Core/Src/syscalls.o
 .debug_macro   0x0000000000000000       0x52 ./Core/Src/syscalls.o
 .debug_macro   0x0000000000000000       0x22 ./Core/Src/syscalls.o
 .debug_macro   0x0000000000000000       0x10 ./Core/Src/syscalls.o
 .debug_macro   0x0000000000000000       0x52 ./Core/Src/syscalls.o
 .debug_macro   0x0000000000000000       0xd5 ./Core/Src/syscalls.o
 .debug_macro   0x0000000000000000       0x1c ./Core/Src/syscalls.o
 .debug_macro   0x0000000000000000       0x3d ./Core/Src/syscalls.o
 .debug_macro   0x0000000000000000       0x35 ./Core/Src/syscalls.o
 .debug_macro   0x0000000000000000      0x12c ./Core/Src/syscalls.o
 .debug_macro   0x0000000000000000       0x16 ./Core/Src/syscalls.o
 .debug_macro   0x0000000000000000       0x16 ./Core/Src/syscalls.o
 .debug_macro   0x0000000000000000       0x29 ./Core/Src/syscalls.o
 .debug_macro   0x0000000000000000       0x10 ./Core/Src/syscalls.o
 .debug_macro   0x0000000000000000      0x241 ./Core/Src/syscalls.o
 .debug_macro   0x0000000000000000       0x1c ./Core/Src/syscalls.o
 .debug_macro   0x0000000000000000       0x10 ./Core/Src/syscalls.o
 .debug_macro   0x0000000000000000       0x10 ./Core/Src/syscalls.o
 .debug_macro   0x0000000000000000       0x16 ./Core/Src/syscalls.o
 .debug_macro   0x0000000000000000      0x145 ./Core/Src/syscalls.o
 .debug_macro   0x0000000000000000      0x189 ./Core/Src/syscalls.o
 .debug_macro   0x0000000000000000       0x16 ./Core/Src/syscalls.o
 .debug_macro   0x0000000000000000       0xce ./Core/Src/syscalls.o
 .debug_line    0x0000000000000000      0x7ef ./Core/Src/syscalls.o
 .debug_str     0x0000000000000000     0x8a10 ./Core/Src/syscalls.o
 .comment       0x0000000000000000       0x51 ./Core/Src/syscalls.o
 .debug_frame   0x0000000000000000      0x2ac ./Core/Src/syscalls.o
 .ARM.attributes
                0x0000000000000000       0x2d ./Core/Src/syscalls.o
 .group         0x0000000000000000        0xc ./Core/Src/sysmem.o
 .group         0x0000000000000000        0xc ./Core/Src/sysmem.o
 .group         0x0000000000000000        0xc ./Core/Src/sysmem.o
 .group         0x0000000000000000        0xc ./Core/Src/sysmem.o
 .group         0x0000000000000000        0xc ./Core/Src/sysmem.o
 .group         0x0000000000000000        0xc ./Core/Src/sysmem.o
 .group         0x0000000000000000        0xc ./Core/Src/sysmem.o
 .group         0x0000000000000000        0xc ./Core/Src/sysmem.o
 .group         0x0000000000000000        0xc ./Core/Src/sysmem.o
 .group         0x0000000000000000        0xc ./Core/Src/sysmem.o
 .group         0x0000000000000000        0xc ./Core/Src/sysmem.o
 .group         0x0000000000000000        0xc ./Core/Src/sysmem.o
 .group         0x0000000000000000        0xc ./Core/Src/sysmem.o
 .group         0x0000000000000000        0xc ./Core/Src/sysmem.o
 .group         0x0000000000000000        0xc ./Core/Src/sysmem.o
 .group         0x0000000000000000        0xc ./Core/Src/sysmem.o
 .group         0x0000000000000000        0xc ./Core/Src/sysmem.o
 .group         0x0000000000000000        0xc ./Core/Src/sysmem.o
 .group         0x0000000000000000        0xc ./Core/Src/sysmem.o
 .group         0x0000000000000000        0xc ./Core/Src/sysmem.o
 .group         0x0000000000000000        0xc ./Core/Src/sysmem.o
 .group         0x0000000000000000        0xc ./Core/Src/sysmem.o
 .text          0x0000000000000000        0x0 ./Core/Src/sysmem.o
 .data          0x0000000000000000        0x0 ./Core/Src/sysmem.o
 .bss           0x0000000000000000        0x0 ./Core/Src/sysmem.o
 .bss.__sbrk_heap_end
                0x0000000000000000        0x4 ./Core/Src/sysmem.o
 .text._sbrk    0x0000000000000000       0x6c ./Core/Src/sysmem.o
 .debug_info    0x0000000000000000      0x171 ./Core/Src/sysmem.o
 .debug_abbrev  0x0000000000000000       0xbb ./Core/Src/sysmem.o
 .debug_aranges
                0x0000000000000000       0x20 ./Core/Src/sysmem.o
 .debug_ranges  0x0000000000000000       0x10 ./Core/Src/sysmem.o
 .debug_macro   0x0000000000000000       0xff ./Core/Src/sysmem.o
 .debug_macro   0x0000000000000000      0xa66 ./Core/Src/sysmem.o
 .debug_macro   0x0000000000000000       0x10 ./Core/Src/sysmem.o
 .debug_macro   0x0000000000000000       0x22 ./Core/Src/sysmem.o
 .debug_macro   0x0000000000000000       0x4c ./Core/Src/sysmem.o
 .debug_macro   0x0000000000000000       0x18 ./Core/Src/sysmem.o
 .debug_macro   0x0000000000000000       0x94 ./Core/Src/sysmem.o
 .debug_macro   0x0000000000000000       0x3c ./Core/Src/sysmem.o
 .debug_macro   0x0000000000000000       0x34 ./Core/Src/sysmem.o
 .debug_macro   0x0000000000000000      0x174 ./Core/Src/sysmem.o
 .debug_macro   0x0000000000000000       0x16 ./Core/Src/sysmem.o
 .debug_macro   0x0000000000000000       0x43 ./Core/Src/sysmem.o
 .debug_macro   0x0000000000000000       0x57 ./Core/Src/sysmem.o
 .debug_macro   0x0000000000000000       0x34 ./Core/Src/sysmem.o
 .debug_macro   0x0000000000000000       0x10 ./Core/Src/sysmem.o
 .debug_macro   0x0000000000000000       0x58 ./Core/Src/sysmem.o
 .debug_macro   0x0000000000000000       0x71 ./Core/Src/sysmem.o
 .debug_macro   0x0000000000000000       0x1c ./Core/Src/sysmem.o
 .debug_macro   0x0000000000000000      0x12a ./Core/Src/sysmem.o
 .debug_macro   0x0000000000000000      0x23b ./Core/Src/sysmem.o
 .debug_macro   0x0000000000000000      0x103 ./Core/Src/sysmem.o
 .debug_macro   0x0000000000000000       0x6a ./Core/Src/sysmem.o
 .debug_macro   0x0000000000000000      0x1df ./Core/Src/sysmem.o
 .debug_line    0x0000000000000000      0x4e5 ./Core/Src/sysmem.o
 .debug_str     0x0000000000000000     0x5d4c ./Core/Src/sysmem.o
 .comment       0x0000000000000000       0x51 ./Core/Src/sysmem.o
 .debug_frame   0x0000000000000000       0x34 ./Core/Src/sysmem.o
 .ARM.attributes
                0x0000000000000000       0x2d ./Core/Src/sysmem.o
 .group         0x0000000000000000        0xc ./Core/Src/system_stm32f1xx.o
 .group         0x0000000000000000        0xc ./Core/Src/system_stm32f1xx.o
 .group         0x0000000000000000        0xc ./Core/Src/system_stm32f1xx.o
 .group         0x0000000000000000        0xc ./Core/Src/system_stm32f1xx.o
 .group         0x0000000000000000        0xc ./Core/Src/system_stm32f1xx.o
 .group         0x0000000000000000        0xc ./Core/Src/system_stm32f1xx.o
 .group         0x0000000000000000        0xc ./Core/Src/system_stm32f1xx.o
 .group         0x0000000000000000        0xc ./Core/Src/system_stm32f1xx.o
 .group         0x0000000000000000        0xc ./Core/Src/system_stm32f1xx.o
 .group         0x0000000000000000        0xc ./Core/Src/system_stm32f1xx.o
 .group         0x0000000000000000        0xc ./Core/Src/system_stm32f1xx.o
 .group         0x0000000000000000        0xc ./Core/Src/system_stm32f1xx.o
 .group         0x0000000000000000        0xc ./Core/Src/system_stm32f1xx.o
 .group         0x0000000000000000        0xc ./Core/Src/system_stm32f1xx.o
 .group         0x0000000000000000        0xc ./Core/Src/system_stm32f1xx.o
 .text          0x0000000000000000        0x0 ./Core/Src/system_stm32f1xx.o
 .data          0x0000000000000000        0x0 ./Core/Src/system_stm32f1xx.o
 .bss           0x0000000000000000        0x0 ./Core/Src/system_stm32f1xx.o
 .data.SystemCoreClock
                0x0000000000000000        0x4 ./Core/Src/system_stm32f1xx.o
 .rodata.AHBPrescTable
                0x0000000000000000       0x10 ./Core/Src/system_stm32f1xx.o
 .rodata.APBPrescTable
                0x0000000000000000        0x8 ./Core/Src/system_stm32f1xx.o
 .text.SystemCoreClockUpdate
                0x0000000000000000       0xe4 ./Core/Src/system_stm32f1xx.o
 .debug_macro   0x0000000000000000      0xa66 ./Core/Src/system_stm32f1xx.o
 .debug_macro   0x0000000000000000       0x2e ./Core/Src/system_stm32f1xx.o
 .debug_macro   0x0000000000000000       0x22 ./Core/Src/system_stm32f1xx.o
 .debug_macro   0x0000000000000000       0x22 ./Core/Src/system_stm32f1xx.o
 .debug_macro   0x0000000000000000       0x8e ./Core/Src/system_stm32f1xx.o
 .debug_macro   0x0000000000000000       0x51 ./Core/Src/system_stm32f1xx.o
 .debug_macro   0x0000000000000000      0x103 ./Core/Src/system_stm32f1xx.o
 .debug_macro   0x0000000000000000       0x6a ./Core/Src/system_stm32f1xx.o
 .debug_macro   0x0000000000000000      0x1df ./Core/Src/system_stm32f1xx.o
 .debug_macro   0x0000000000000000       0x1c ./Core/Src/system_stm32f1xx.o
 .debug_macro   0x0000000000000000       0x22 ./Core/Src/system_stm32f1xx.o
 .debug_macro   0x0000000000000000       0xbd ./Core/Src/system_stm32f1xx.o
 .debug_macro   0x0000000000000000      0xd23 ./Core/Src/system_stm32f1xx.o
 .debug_macro   0x0000000000000000     0xe09e ./Core/Src/system_stm32f1xx.o
 .debug_macro   0x0000000000000000       0x6d ./Core/Src/system_stm32f1xx.o
 .text          0x0000000000000000       0x14 ./Core/Startup/startup_stm32f103c8tx.o
 .data          0x0000000000000000        0x0 ./Core/Startup/startup_stm32f103c8tx.o
 .bss           0x0000000000000000        0x0 ./Core/Startup/startup_stm32f103c8tx.o
 .text          0x0000000000000000        0x0 /home/nikita/st/stm32cubeide_1.10.1/plugins/com.st.stm32cube.ide.mcu.externaltools.gnu-tools-for-stm32.10.3-2021.10.linux64_1.0.0.202111181127/tools/bin/../lib/gcc/arm-none-eabi/10.3.1/../../../../arm-none-eabi/lib/thumb/v7-m/nofp/libc_nano.a(lib_a-errno.o)
 .data          0x0000000000000000        0x0 /home/nikita/st/stm32cubeide_1.10.1/plugins/com.st.stm32cube.ide.mcu.externaltools.gnu-tools-for-stm32.10.3-2021.10.linux64_1.0.0.202111181127/tools/bin/../lib/gcc/arm-none-eabi/10.3.1/../../../../arm-none-eabi/lib/thumb/v7-m/nofp/libc_nano.a(lib_a-errno.o)
 .bss           0x0000000000000000        0x0 /home/nikita/st/stm32cubeide_1.10.1/plugins/com.st.stm32cube.ide.mcu.externaltools.gnu-tools-for-stm32.10.3-2021.10.linux64_1.0.0.202111181127/tools/bin/../lib/gcc/arm-none-eabi/10.3.1/../../../../arm-none-eabi/lib/thumb/v7-m/nofp/libc_nano.a(lib_a-errno.o)
 .text.__errno  0x0000000000000000        0xc /home/nikita/st/stm32cubeide_1.10.1/plugins/com.st.stm32cube.ide.mcu.externaltools.gnu-tools-for-stm32.10.3-2021.10.linux64_1.0.0.202111181127/tools/bin/../lib/gcc/arm-none-eabi/10.3.1/../../../../arm-none-eabi/lib/thumb/v7-m/nofp/libc_nano.a(lib_a-errno.o)
 .debug_frame   0x0000000000000000       0x20 /home/nikita/st/stm32cubeide_1.10.1/plugins/com.st.stm32cube.ide.mcu.externaltools.gnu-tools-for-stm32.10.3-2021.10.linux64_1.0.0.202111181127/tools/bin/../lib/gcc/arm-none-eabi/10.3.1/../../../../arm-none-eabi/lib/thumb/v7-m/nofp/libc_nano.a(lib_a-errno.o)
 .ARM.attributes
                0x0000000000000000       0x2d /home/nikita/st/stm32cubeide_1.10.1/plugins/com.st.stm32cube.ide.mcu.externaltools.gnu-tools-for-stm32.10.3-2021.10.linux64_1.0.0.202111181127/tools/bin/../lib/gcc/arm-none-eabi/10.3.1/../../../../arm-none-eabi/lib/thumb/v7-m/nofp/libc_nano.a(lib_a-errno.o)
 .text          0x0000000000000000        0x0 /home/nikita/st/stm32cubeide_1.10.1/plugins/com.st.stm32cube.ide.mcu.externaltools.gnu-tools-for-stm32.10.3-2021.10.linux64_1.0.0.202111181127/tools/bin/../lib/gcc/arm-none-eabi/10.3.1/../../../../arm-none-eabi/lib/thumb/v7-m/nofp/libc_nano.a(lib_a-exit.o)
 .data          0x0000000000000000        0x0 /home/nikita/st/stm32cubeide_1.10.1/plugins/com.st.stm32cube.ide.mcu.externaltools.gnu-tools-for-stm32.10.3-2021.10.linux64_1.0.0.202111181127/tools/bin/../lib/gcc/arm-none-eabi/10.3.1/../../../../arm-none-eabi/lib/thumb/v7-m/nofp/libc_nano.a(lib_a-exit.o)
 .bss           0x0000000000000000        0x0 /home/nikita/st/stm32cubeide_1.10.1/plugins/com.st.stm32cube.ide.mcu.externaltools.gnu-tools-for-stm32.10.3-2021.10.linux64_1.0.0.202111181127/tools/bin/../lib/gcc/arm-none-eabi/10.3.1/../../../../arm-none-eabi/lib/thumb/v7-m/nofp/libc_nano.a(lib_a-exit.o)
 .text.exit     0x0000000000000000       0x28 /home/nikita/st/stm32cubeide_1.10.1/plugins/com.st.stm32cube.ide.mcu.externaltools.gnu-tools-for-stm32.10.3-2021.10.linux64_1.0.0.202111181127/tools/bin/../lib/gcc/arm-none-eabi/10.3.1/../../../../arm-none-eabi/lib/thumb/v7-m/nofp/libc_nano.a(lib_a-exit.o)
 .debug_frame   0x0000000000000000       0x28 /home/nikita/st/stm32cubeide_1.10.1/plugins/com.st.stm32cube.ide.mcu.externaltools.gnu-tools-for-stm32.10.3-2021.10.linux64_1.0.0.202111181127/tools/bin/../lib/gcc/arm-none-eabi/10.3.1/../../../../arm-none-eabi/lib/thumb/v7-m/nofp/libc_nano.a(lib_a-exit.o)
 .ARM.attributes
                0x0000000000000000       0x2d /home/nikita/st/stm32cubeide_1.10.1/plugins/com.st.stm32cube.ide.mcu.externaltools.gnu-tools-for-stm32.10.3-2021.10.linux64_1.0.0.202111181127/tools/bin/../lib/gcc/arm-none-eabi/10.3.1/../../../../arm-none-eabi/lib/thumb/v7-m/nofp/libc_nano.a(lib_a-exit.o)
 .text          0x0000000000000000        0x0 /home/nikita/st/stm32cubeide_1.10.1/plugins/com.st.stm32cube.ide.mcu.externaltools.gnu-tools-for-stm32.10.3-2021.10.linux64_1.0.0.202111181127/tools/bin/../lib/gcc/arm-none-eabi/10.3.1/../../../../arm-none-eabi/lib/thumb/v7-m/nofp/libc_nano.a(lib_a-impure.o)
 .data          0x0000000000000000        0x0 /home/nikita/st/stm32cubeide_1.10.1/plugins/com.st.stm32cube.ide.mcu.externaltools.gnu-tools-for-stm32.10.3-2021.10.linux64_1.0.0.202111181127/tools/bin/../lib/gcc/arm-none-eabi/10.3.1/../../../../arm-none-eabi/lib/thumb/v7-m/nofp/libc_nano.a(lib_a-impure.o)
 .bss           0x0000000000000000        0x0 /home/nikita/st/stm32cubeide_1.10.1/plugins/com.st.stm32cube.ide.mcu.externaltools.gnu-tools-for-stm32.10.3-2021.10.linux64_1.0.0.202111181127/tools/bin/../lib/gcc/arm-none-eabi/10.3.1/../../../../arm-none-eabi/lib/thumb/v7-m/nofp/libc_nano.a(lib_a-impure.o)
 .data._impure_ptr
                0x0000000000000000        0x4 /home/nikita/st/stm32cubeide_1.10.1/plugins/com.st.stm32cube.ide.mcu.externaltools.gnu-tools-for-stm32.10.3-2021.10.linux64_1.0.0.202111181127/tools/bin/../lib/gcc/arm-none-eabi/10.3.1/../../../../arm-none-eabi/lib/thumb/v7-m/nofp/libc_nano.a(lib_a-impure.o)
 .data.impure_data
                0x0000000000000000       0x60 /home/nikita/st/stm32cubeide_1.10.1/plugins/com.st.stm32cube.ide.mcu.externaltools.gnu-tools-for-stm32.10.3-2021.10.linux64_1.0.0.202111181127/tools/bin/../lib/gcc/arm-none-eabi/10.3.1/../../../../arm-none-eabi/lib/thumb/v7-m/nofp/libc_nano.a(lib_a-impure.o)
 .rodata._global_impure_ptr
                0x0000000000000000        0x4 /home/nikita/st/stm32cubeide_1.10.1/plugins/com.st.stm32cube.ide.mcu.externaltools.gnu-tools-for-stm32.10.3-2021.10.linux64_1.0.0.202111181127/tools/bin/../lib/gcc/arm-none-eabi/10.3.1/../../../../arm-none-eabi/lib/thumb/v7-m/nofp/libc_nano.a(lib_a-impure.o)
 .ARM.attributes
                0x0000000000000000       0x2d /home/nikita/st/stm32cubeide_1.10.1/plugins/com.st.stm32cube.ide.mcu.externaltools.gnu-tools-for-stm32.10.3-2021.10.linux64_1.0.0.202111181127/tools/bin/../lib/gcc/arm-none-eabi/10.3.1/../../../../arm-none-eabi/lib/thumb/v7-m/nofp/libc_nano.a(lib_a-impure.o)
 .text          0x0000000000000000        0x0 /home/nikita/st/stm32cubeide_1.10.1/plugins/com.st.stm32cube.ide.mcu.externaltools.gnu-tools-for-stm32.10.3-2021.10.linux64_1.0.0.202111181127/tools/bin/../lib/gcc/arm-none-eabi/10.3.1/../../../../arm-none-eabi/lib/thumb/v7-m/nofp/libc_nano.a(lib_a-init.o)
 .data          0x0000000000000000        0x0 /home/nikita/st/stm32cubeide_1.10.1/plugins/com.st.stm32cube.ide.mcu.externaltools.gnu-tools-for-stm32.10.3-2021.10.linux64_1.0.0.202111181127/tools/bin/../lib/gcc/arm-none-eabi/10.3.1/../../../../arm-none-eabi/lib/thumb/v7-m/nofp/libc_nano.a(lib_a-init.o)
 .bss           0x0000000000000000        0x0 /home/nikita/st/stm32cubeide_1.10.1/plugins/com.st.stm32cube.ide.mcu.externaltools.gnu-tools-for-stm32.10.3-2021.10.linux64_1.0.0.202111181127/tools/bin/../lib/gcc/arm-none-eabi/10.3.1/../../../../arm-none-eabi/lib/thumb/v7-m/nofp/libc_nano.a(lib_a-init.o)
 .text          0x0000000000000000        0x0 /home/nikita/st/stm32cubeide_1.10.1/plugins/com.st.stm32cube.ide.mcu.externaltools.gnu-tools-for-stm32.10.3-2021.10.linux64_1.0.0.202111181127/tools/bin/../lib/gcc/arm-none-eabi/10.3.1/../../../../arm-none-eabi/lib/thumb/v7-m/nofp/libc_nano.a(lib_a-memset.o)
 .data          0x0000000000000000        0x0 /home/nikita/st/stm32cubeide_1.10.1/plugins/com.st.stm32cube.ide.mcu.externaltools.gnu-tools-for-stm32.10.3-2021.10.linux64_1.0.0.202111181127/tools/bin/../lib/gcc/arm-none-eabi/10.3.1/../../../../arm-none-eabi/lib/thumb/v7-m/nofp/libc_nano.a(lib_a-memset.o)
 .bss           0x0000000000000000        0x0 /home/nikita/st/stm32cubeide_1.10.1/plugins/com.st.stm32cube.ide.mcu.externaltools.gnu-tools-for-stm32.10.3-2021.10.linux64_1.0.0.202111181127/tools/bin/../lib/gcc/arm-none-eabi/10.3.1/../../../../arm-none-eabi/lib/thumb/v7-m/nofp/libc_nano.a(lib_a-memset.o)
 .text.memset   0x0000000000000000       0x10 /home/nikita/st/stm32cubeide_1.10.1/plugins/com.st.stm32cube.ide.mcu.externaltools.gnu-tools-for-stm32.10.3-2021.10.linux64_1.0.0.202111181127/tools/bin/../lib/gcc/arm-none-eabi/10.3.1/../../../../arm-none-eabi/lib/thumb/v7-m/nofp/libc_nano.a(lib_a-memset.o)
 .debug_frame   0x0000000000000000       0x20 /home/nikita/st/stm32cubeide_1.10.1/plugins/com.st.stm32cube.ide.mcu.externaltools.gnu-tools-for-stm32.10.3-2021.10.linux64_1.0.0.202111181127/tools/bin/../lib/gcc/arm-none-eabi/10.3.1/../../../../arm-none-eabi/lib/thumb/v7-m/nofp/libc_nano.a(lib_a-memset.o)
 .ARM.attributes
                0x0000000000000000       0x2d /home/nikita/st/stm32cubeide_1.10.1/plugins/com.st.stm32cube.ide.mcu.externaltools.gnu-tools-for-stm32.10.3-2021.10.linux64_1.0.0.202111181127/tools/bin/../lib/gcc/arm-none-eabi/10.3.1/../../../../arm-none-eabi/lib/thumb/v7-m/nofp/libc_nano.a(lib_a-memset.o)
 .text          0x0000000000000000        0x0 /home/nikita/st/stm32cubeide_1.10.1/plugins/com.st.stm32cube.ide.mcu.externaltools.gnu-tools-for-stm32.10.3-2021.10.linux64_1.0.0.202111181127/tools/bin/../lib/gcc/arm-none-eabi/10.3.1/thumb/v7-m/nofp/crtend.o
 .data          0x0000000000000000        0x0 /home/nikita/st/stm32cubeide_1.10.1/plugins/com.st.stm32cube.ide.mcu.externaltools.gnu-tools-for-stm32.10.3-2021.10.linux64_1.0.0.202111181127/tools/bin/../lib/gcc/arm-none-eabi/10.3.1/thumb/v7-m/nofp/crtend.o
 .bss           0x0000000000000000        0x0 /home/nikita/st/stm32cubeide_1.10.1/plugins/com.st.stm32cube.ide.mcu.externaltools.gnu-tools-for-stm32.10.3-2021.10.linux64_1.0.0.202111181127/tools/bin/../lib/gcc/arm-none-eabi/10.3.1/thumb/v7-m/nofp/crtend.o
 .rodata        0x0000000000000000       0x24 /home/nikita/st/stm32cubeide_1.10.1/plugins/com.st.stm32cube.ide.mcu.externaltools.gnu-tools-for-stm32.10.3-2021.10.linux64_1.0.0.202111181127/tools/bin/../lib/gcc/arm-none-eabi/10.3.1/thumb/v7-m/nofp/crtend.o
 .eh_frame      0x0000000000000000        0x4 /home/nikita/st/stm32cubeide_1.10.1/plugins/com.st.stm32cube.ide.mcu.externaltools.gnu-tools-for-stm32.10.3-2021.10.linux64_1.0.0.202111181127/tools/bin/../lib/gcc/arm-none-eabi/10.3.1/thumb/v7-m/nofp/crtend.o
 .ARM.attributes
                0x0000000000000000       0x2d /home/nikita/st/stm32cubeide_1.10.1/plugins/com.st.stm32cube.ide.mcu.externaltools.gnu-tools-for-stm32.10.3-2021.10.linux64_1.0.0.202111181127/tools/bin/../lib/gcc/arm-none-eabi/10.3.1/thumb/v7-m/nofp/crtend.o
 .text          0x0000000000000000        0x0 /home/nikita/st/stm32cubeide_1.10.1/plugins/com.st.stm32cube.ide.mcu.externaltools.gnu-tools-for-stm32.10.3-2021.10.linux64_1.0.0.202111181127/tools/bin/../lib/gcc/arm-none-eabi/10.3.1/thumb/v7-m/nofp/crtn.o
 .data          0x0000000000000000        0x0 /home/nikita/st/stm32cubeide_1.10.1/plugins/com.st.stm32cube.ide.mcu.externaltools.gnu-tools-for-stm32.10.3-2021.10.linux64_1.0.0.202111181127/tools/bin/../lib/gcc/arm-none-eabi/10.3.1/thumb/v7-m/nofp/crtn.o
 .bss           0x0000000000000000        0x0 /home/nikita/st/stm32cubeide_1.10.1/plugins/com.st.stm32cube.ide.mcu.externaltools.gnu-tools-for-stm32.10.3-2021.10.linux64_1.0.0.202111181127/tools/bin/../lib/gcc/arm-none-eabi/10.3.1/thumb/v7-m/nofp/crtn.o

Memory Configuration

Name             Origin             Length             Attributes
RAM              0x0000000020000000 0x0000000000005000 xrw
FLASH            0x0000000008000000 0x0000000000010000 xr
*default*        0x0000000000000000 0xffffffffffffffff

Linker script and memory map

LOAD /home/nikita/st/stm32cubeide_1.10.1/plugins/com.st.stm32cube.ide.mcu.externaltools.gnu-tools-for-stm32.10.3-2021.10.linux64_1.0.0.202111181127/tools/bin/../lib/gcc/arm-none-eabi/10.3.1/thumb/v7-m/nofp/crti.o
LOAD /home/nikita/st/stm32cubeide_1.10.1/plugins/com.st.stm32cube.ide.mcu.externaltools.gnu-tools-for-stm32.10.3-2021.10.linux64_1.0.0.202111181127/tools/bin/../lib/gcc/arm-none-eabi/10.3.1/thumb/v7-m/nofp/crtbegin.o
LOAD /home/nikita/st/stm32cubeide_1.10.1/plugins/com.st.stm32cube.ide.mcu.externaltools.gnu-tools-for-stm32.10.3-2021.10.linux64_1.0.0.202111181127/tools/bin/../lib/gcc/arm-none-eabi/10.3.1/../../../../arm-none-eabi/lib/thumb/v7-m/nofp/crt0.o
LOAD ./Core/Src/main.o
LOAD ./Core/Src/rccconfig.o
LOAD ./Core/Src/syscalls.o
LOAD ./Core/Src/sysmem.o
LOAD ./Core/Src/system_stm32f1xx.o
LOAD ./Core/Startup/startup_stm32f103c8tx.o
START GROUP
LOAD /home/nikita/st/stm32cubeide_1.10.1/plugins/com.st.stm32cube.ide.mcu.externaltools.gnu-tools-for-stm32.10.3-2021.10.linux64_1.0.0.202111181127/tools/bin/../lib/gcc/arm-none-eabi/10.3.1/../../../../arm-none-eabi/lib/thumb/v7-m/nofp/libc_nano.a
LOAD /home/nikita/st/stm32cubeide_1.10.1/plugins/com.st.stm32cube.ide.mcu.externaltools.gnu-tools-for-stm32.10.3-2021.10.linux64_1.0.0.202111181127/tools/bin/../lib/gcc/arm-none-eabi/10.3.1/../../../../arm-none-eabi/lib/thumb/v7-m/nofp/libm.a
END GROUP
START GROUP
LOAD /home/nikita/st/stm32cubeide_1.10.1/plugins/com.st.stm32cube.ide.mcu.externaltools.gnu-tools-for-stm32.10.3-2021.10.linux64_1.0.0.202111181127/tools/bin/../lib/gcc/arm-none-eabi/10.3.1/thumb/v7-m/nofp/libgcc.a
LOAD /home/nikita/st/stm32cubeide_1.10.1/plugins/com.st.stm32cube.ide.mcu.externaltools.gnu-tools-for-stm32.10.3-2021.10.linux64_1.0.0.202111181127/tools/bin/../lib/gcc/arm-none-eabi/10.3.1/../../../../arm-none-eabi/lib/thumb/v7-m/nofp/libc_nano.a
END GROUP
START GROUP
LOAD /home/nikita/st/stm32cubeide_1.10.1/plugins/com.st.stm32cube.ide.mcu.externaltools.gnu-tools-for-stm32.10.3-2021.10.linux64_1.0.0.202111181127/tools/bin/../lib/gcc/arm-none-eabi/10.3.1/thumb/v7-m/nofp/libgcc.a
LOAD /home/nikita/st/stm32cubeide_1.10.1/plugins/com.st.stm32cube.ide.mcu.externaltools.gnu-tools-for-stm32.10.3-2021.10.linux64_1.0.0.202111181127/tools/bin/../lib/gcc/arm-none-eabi/10.3.1/../../../../arm-none-eabi/lib/thumb/v7-m/nofp/libc_nano.a
LOAD /home/nikita/st/stm32cubeide_1.10.1/plugins/com.st.stm32cube.ide.mcu.externaltools.gnu-tools-for-stm32.10.3-2021.10.linux64_1.0.0.202111181127/tools/bin/../lib/gcc/arm-none-eabi/10.3.1/../../../../arm-none-eabi/lib/thumb/v7-m/nofp/libnosys.a
END GROUP
START GROUP
LOAD /home/nikita/st/stm32cubeide_1.10.1/plugins/com.st.stm32cube.ide.mcu.externaltools.gnu-tools-for-stm32.10.3-2021.10.linux64_1.0.0.202111181127/tools/bin/../lib/gcc/arm-none-eabi/10.3.1/thumb/v7-m/nofp/libgcc.a
LOAD /home/nikita/st/stm32cubeide_1.10.1/plugins/com.st.stm32cube.ide.mcu.externaltools.gnu-tools-for-stm32.10.3-2021.10.linux64_1.0.0.202111181127/tools/bin/../lib/gcc/arm-none-eabi/10.3.1/../../../../arm-none-eabi/lib/thumb/v7-m/nofp/libc_nano.a
LOAD /home/nikita/st/stm32cubeide_1.10.1/plugins/com.st.stm32cube.ide.mcu.externaltools.gnu-tools-for-stm32.10.3-2021.10.linux64_1.0.0.202111181127/tools/bin/../lib/gcc/arm-none-eabi/10.3.1/../../../../arm-none-eabi/lib/thumb/v7-m/nofp/libnosys.a
END GROUP
LOAD /home/nikita/st/stm32cubeide_1.10.1/plugins/com.st.stm32cube.ide.mcu.externaltools.gnu-tools-for-stm32.10.3-2021.10.linux64_1.0.0.202111181127/tools/bin/../lib/gcc/arm-none-eabi/10.3.1/thumb/v7-m/nofp/crtend.o
LOAD /home/nikita/st/stm32cubeide_1.10.1/plugins/com.st.stm32cube.ide.mcu.externaltools.gnu-tools-for-stm32.10.3-2021.10.linux64_1.0.0.202111181127/tools/bin/../lib/gcc/arm-none-eabi/10.3.1/thumb/v7-m/nofp/crtn.o
                0x0000000020005000                _estack = (ORIGIN (RAM) + LENGTH (RAM))
                0x0000000000000200                _Min_Heap_Size = 0x200
                0x0000000000000400                _Min_Stack_Size = 0x400

.isr_vector     0x0000000008000000      0x10c
                0x0000000008000000                . = ALIGN (0x4)
 *(.isr_vector)
 .isr_vector    0x0000000008000000      0x10c ./Core/Startup/startup_stm32f103c8tx.o
                0x0000000008000000                g_pfnVectors
                0x000000000800010c                . = ALIGN (0x4)

.text           0x000000000800010c      0x1f8
                0x000000000800010c                . = ALIGN (0x4)
 *(.text)
 .text          0x000000000800010c       0x40 /home/nikita/st/stm32cubeide_1.10.1/plugins/com.st.stm32cube.ide.mcu.externaltools.gnu-tools-for-stm32.10.3-2021.10.linux64_1.0.0.202111181127/tools/bin/../lib/gcc/arm-none-eabi/10.3.1/thumb/v7-m/nofp/crtbegin.o
 *(.text*)
 .text.PortSetHi
                0x000000000800014c       0x18 ./Core/Src/main.o
                0x000000000800014c                PortSetHi
 .text.PortSetLow
                0x0000000008000164       0x18 ./Core/Src/main.o
                0x0000000008000164                PortSetLow
 .text.main     0x000000000800017c       0x40 ./Core/Src/main.o
                0x000000000800017c                main
 .text.configRcc
                0x00000000080001bc       0x50 ./Core/Src/rccconfig.o
                0x00000000080001bc                configRcc
 .text.configGPIO
                0x000000000800020c       0x40 ./Core/Src/rccconfig.o
                0x000000000800020c                configGPIO
 .text.SystemInit
                0x000000000800024c        0xc ./Core/Src/system_stm32f1xx.o
                0x000000000800024c                SystemInit
 .text.Reset_Handler
                0x0000000008000258       0x48 ./Core/Startup/startup_stm32f103c8tx.o
                0x0000000008000258                Reset_Handler
 .text.Default_Handler
                0x00000000080002a0        0x2 ./Core/Startup/startup_stm32f103c8tx.o
                0x00000000080002a0                RTC_Alarm_IRQHandler
                0x00000000080002a0                EXTI2_IRQHandler
                0x00000000080002a0                DebugMon_Handler
                0x00000000080002a0                TIM1_CC_IRQHandler
                0x00000000080002a0                HardFault_Handler
                0x00000000080002a0                SysTick_Handler
                0x00000000080002a0                PVD_IRQHandler
                0x00000000080002a0                PendSV_Handler
                0x00000000080002a0                NMI_Handler
                0x00000000080002a0                EXTI3_IRQHandler
                0x00000000080002a0                EXTI0_IRQHandler
                0x00000000080002a0                I2C2_EV_IRQHandler
                0x00000000080002a0                UsageFault_Handler
                0x00000000080002a0                ADC1_2_IRQHandler
                0x00000000080002a0                SPI1_IRQHandler
                0x00000000080002a0                TAMPER_IRQHandler
                0x00000000080002a0                DMA1_Channel4_IRQHandler
                0x00000000080002a0                USART3_IRQHandler
                0x00000000080002a0                RTC_IRQHandler
                0x00000000080002a0                DMA1_Channel7_IRQHandler
                0x00000000080002a0                CAN1_RX1_IRQHandler
                0x00000000080002a0                TIM4_IRQHandler
                0x00000000080002a0                I2C1_EV_IRQHandler
                0x00000000080002a0                DMA1_Channel6_IRQHandler
                0x00000000080002a0                TIM3_IRQHandler
                0x00000000080002a0                RCC_IRQHandler
                0x00000000080002a0                TIM1_TRG_COM_IRQHandler
                0x00000000080002a0                DMA1_Channel1_IRQHandler
                0x00000000080002a0                Default_Handler
                0x00000000080002a0                EXTI15_10_IRQHandler
                0x00000000080002a0                EXTI9_5_IRQHandler
                0x00000000080002a0                SPI2_IRQHandler
                0x00000000080002a0                MemManage_Handler
                0x00000000080002a0                SVC_Handler
                0x00000000080002a0                DMA1_Channel5_IRQHandler
                0x00000000080002a0                EXTI4_IRQHandler
                0x00000000080002a0                USB_LP_CAN1_RX0_IRQHandler
                0x00000000080002a0                USB_HP_CAN1_TX_IRQHandler
                0x00000000080002a0                DMA1_Channel3_IRQHandler
                0x00000000080002a0                TIM1_UP_IRQHandler
                0x00000000080002a0                WWDG_IRQHandler
                0x00000000080002a0                TIM2_IRQHandler
                0x00000000080002a0                TIM1_BRK_IRQHandler
                0x00000000080002a0                EXTI1_IRQHandler
                0x00000000080002a0                USART2_IRQHandler
                0x00000000080002a0                I2C2_ER_IRQHandler
                0x00000000080002a0                DMA1_Channel2_IRQHandler
                0x00000000080002a0                CAN1_SCE_IRQHandler
                0x00000000080002a0                FLASH_IRQHandler
                0x00000000080002a0                BusFault_Handler
                0x00000000080002a0                USART1_IRQHandler
                0x00000000080002a0                I2C1_ER_IRQHandler
                0x00000000080002a0                USBWakeUp_IRQHandler
 *fill*         0x00000000080002a2        0x2 
 .text.__libc_init_array
                0x00000000080002a4       0x48 /home/nikita/st/stm32cubeide_1.10.1/plugins/com.st.stm32cube.ide.mcu.externaltools.gnu-tools-for-stm32.10.3-2021.10.linux64_1.0.0.202111181127/tools/bin/../lib/gcc/arm-none-eabi/10.3.1/../../../../arm-none-eabi/lib/thumb/v7-m/nofp/libc_nano.a(lib_a-init.o)
                0x00000000080002a4                __libc_init_array
 *(.glue_7)
 .glue_7        0x00000000080002ec        0x0 linker stubs
 *(.glue_7t)
 .glue_7t       0x00000000080002ec        0x0 linker stubs
 *(.eh_frame)
 .eh_frame      0x00000000080002ec        0x0 /home/nikita/st/stm32cubeide_1.10.1/plugins/com.st.stm32cube.ide.mcu.externaltools.gnu-tools-for-stm32.10.3-2021.10.linux64_1.0.0.202111181127/tools/bin/../lib/gcc/arm-none-eabi/10.3.1/thumb/v7-m/nofp/crtbegin.o
 *(.init)
 .init          0x00000000080002ec        0x4 /home/nikita/st/stm32cubeide_1.10.1/plugins/com.st.stm32cube.ide.mcu.externaltools.gnu-tools-for-stm32.10.3-2021.10.linux64_1.0.0.202111181127/tools/bin/../lib/gcc/arm-none-eabi/10.3.1/thumb/v7-m/nofp/crti.o
                0x00000000080002ec                _init
 .init          0x00000000080002f0        0x8 /home/nikita/st/stm32cubeide_1.10.1/plugins/com.st.stm32cube.ide.mcu.externaltools.gnu-tools-for-stm32.10.3-2021.10.linux64_1.0.0.202111181127/tools/bin/../lib/gcc/arm-none-eabi/10.3.1/thumb/v7-m/nofp/crtn.o
 *(.fini)
 .fini          0x00000000080002f8        0x4 /home/nikita/st/stm32cubeide_1.10.1/plugins/com.st.stm32cube.ide.mcu.externaltools.gnu-tools-for-stm32.10.3-2021.10.linux64_1.0.0.202111181127/tools/bin/../lib/gcc/arm-none-eabi/10.3.1/thumb/v7-m/nofp/crti.o
                0x00000000080002f8                _fini
 .fini          0x00000000080002fc        0x8 /home/nikita/st/stm32cubeide_1.10.1/plugins/com.st.stm32cube.ide.mcu.externaltools.gnu-tools-for-stm32.10.3-2021.10.linux64_1.0.0.202111181127/tools/bin/../lib/gcc/arm-none-eabi/10.3.1/thumb/v7-m/nofp/crtn.o
                0x0000000008000304                . = ALIGN (0x4)
                0x0000000008000304                _etext = .

.vfp11_veneer   0x0000000008000304        0x0
 .vfp11_veneer  0x0000000008000304        0x0 linker stubs

.v4_bx          0x0000000008000304        0x0
 .v4_bx         0x0000000008000304        0x0 linker stubs

.iplt           0x0000000008000304        0x0
 .iplt          0x0000000008000304        0x0 /home/nikita/st/stm32cubeide_1.10.1/plugins/com.st.stm32cube.ide.mcu.externaltools.gnu-tools-for-stm32.10.3-2021.10.linux64_1.0.0.202111181127/tools/bin/../lib/gcc/arm-none-eabi/10.3.1/thumb/v7-m/nofp/crtbegin.o

.rel.dyn        0x0000000008000304        0x0
 .rel.iplt      0x0000000008000304        0x0 /home/nikita/st/stm32cubeide_1.10.1/plugins/com.st.stm32cube.ide.mcu.externaltools.gnu-tools-for-stm32.10.3-2021.10.linux64_1.0.0.202111181127/tools/bin/../lib/gcc/arm-none-eabi/10.3.1/thumb/v7-m/nofp/crtbegin.o

.rodata         0x0000000008000304        0x0
                0x0000000008000304                . = ALIGN (0x4)
 *(.rodata)
 *(.rodata*)
                0x0000000008000304                . = ALIGN (0x4)

.ARM.extab      0x0000000008000304        0x0
                0x0000000008000304                . = ALIGN (0x4)
 *(.ARM.extab* .gnu.linkonce.armextab.*)
                0x0000000008000304                . = ALIGN (0x4)

.ARM            0x0000000008000304        0x0
                0x0000000008000304                . = ALIGN (0x4)
                0x0000000008000304                __exidx_start = .
 *(.ARM.exidx*)
                0x0000000008000304                __exidx_end = .
                0x0000000008000304                . = ALIGN (0x4)

.preinit_array  0x0000000008000304        0x0
                0x0000000008000304                . = ALIGN (0x4)
                0x0000000008000304                PROVIDE (__preinit_array_start = .)
 *(.preinit_array*)
                0x0000000008000304                PROVIDE (__preinit_array_end = .)
                0x0000000008000304                . = ALIGN (0x4)

.init_array     0x0000000008000304        0x4
                0x0000000008000304                . = ALIGN (0x4)
                0x0000000008000304                PROVIDE (__init_array_start = .)
 *(SORT_BY_NAME(.init_array.*))
 *(.init_array*)
 .init_array    0x0000000008000304        0x4 /home/nikita/st/stm32cubeide_1.10.1/plugins/com.st.stm32cube.ide.mcu.externaltools.gnu-tools-for-stm32.10.3-2021.10.linux64_1.0.0.202111181127/tools/bin/../lib/gcc/arm-none-eabi/10.3.1/thumb/v7-m/nofp/crtbegin.o
                0x0000000008000308                PROVIDE (__init_array_end = .)
                0x0000000008000308                . = ALIGN (0x4)

.fini_array     0x0000000008000308        0x4
                0x0000000008000308                . = ALIGN (0x4)
                [!provide]                        PROVIDE (__fini_array_start = .)
 *(SORT_BY_NAME(.fini_array.*))
 *(.fini_array*)
 .fini_array    0x0000000008000308        0x4 /home/nikita/st/stm32cubeide_1.10.1/plugins/com.st.stm32cube.ide.mcu.externaltools.gnu-tools-for-stm32.10.3-2021.10.linux64_1.0.0.202111181127/tools/bin/../lib/gcc/arm-none-eabi/10.3.1/thumb/v7-m/nofp/crtbegin.o
                [!provide]                        PROVIDE (__fini_array_end = .)
                0x000000000800030c                . = ALIGN (0x4)
                0x000000000800030c                _sidata = LOADADDR (.data)

.data           0x0000000020000000        0x0 load address 0x000000000800030c
                0x0000000020000000                . = ALIGN (0x4)
                0x0000000020000000                _sdata = .
 *(.data)
 *(.data*)
 *(.RamFunc)
 *(.RamFunc*)
                0x0000000020000000                . = ALIGN (0x4)
                0x0000000020000000                _edata = .

.igot.plt       0x0000000020000000        0x0 load address 0x000000000800030c
 .igot.plt      0x0000000020000000        0x0 /home/nikita/st/stm32cubeide_1.10.1/plugins/com.st.stm32cube.ide.mcu.externaltools.gnu-tools-for-stm32.10.3-2021.10.linux64_1.0.0.202111181127/tools/bin/../lib/gcc/arm-none-eabi/10.3.1/thumb/v7-m/nofp/crtbegin.o
                0x0000000020000000                . = ALIGN (0x4)

.bss            0x0000000020000000       0x1c load address 0x000000000800030c
                0x0000000020000000                _sbss = .
                0x0000000020000000                __bss_start__ = _sbss
 *(.bss)
 .bss           0x0000000020000000       0x1c /home/nikita/st/stm32cubeide_1.10.1/plugins/com.st.stm32cube.ide.mcu.externaltools.gnu-tools-for-stm32.10.3-2021.10.linux64_1.0.0.202111181127/tools/bin/../lib/gcc/arm-none-eabi/10.3.1/thumb/v7-m/nofp/crtbegin.o
 *(.bss*)
 *(COMMON)
                0x000000002000001c                . = ALIGN (0x4)
                0x000000002000001c                _ebss = .
                0x000000002000001c                __bss_end__ = _ebss

._user_heap_stack
                0x000000002000001c      0x604 load address 0x000000000800030c
                0x0000000020000020                . = ALIGN (0x8)
 *fill*         0x000000002000001c        0x4 
                [!provide]                        PROVIDE (end = .)
                0x0000000020000020                PROVIDE (_end = .)
                0x0000000020000220                . = (. + _Min_Heap_Size)
 *fill*         0x0000000020000020      0x200 
                0x0000000020000620                . = (. + _Min_Stack_Size)
 *fill*         0x0000000020000220      0x400 
                0x0000000020000620                . = ALIGN (0x8)

/DISCARD/
 libc.a(*)
 libm.a(*)
 libgcc.a(*)

.ARM.attributes
                0x0000000000000000       0x29
 *(.ARM.attributes)
 .ARM.attributes
                0x0000000000000000       0x1d /home/nikita/st/stm32cubeide_1.10.1/plugins/com.st.stm32cube.ide.mcu.externaltools.gnu-tools-for-stm32.10.3-2021.10.linux64_1.0.0.202111181127/tools/bin/../lib/gcc/arm-none-eabi/10.3.1/thumb/v7-m/nofp/crti.o
 .ARM.attributes
                0x000000000000001d       0x2d /home/nikita/st/stm32cubeide_1.10.1/plugins/com.st.stm32cube.ide.mcu.externaltools.gnu-tools-for-stm32.10.3-2021.10.linux64_1.0.0.202111181127/tools/bin/../lib/gcc/arm-none-eabi/10.3.1/thumb/v7-m/nofp/crtbegin.o
 .ARM.attributes
                0x000000000000004a       0x2d ./Core/Src/main.o
 .ARM.attributes
                0x0000000000000077       0x2d ./Core/Src/rccconfig.o
 .ARM.attributes
                0x00000000000000a4       0x2d ./Core/Src/system_stm32f1xx.o
 .ARM.attributes
                0x00000000000000d1       0x21 ./Core/Startup/startup_stm32f103c8tx.o
 .ARM.attributes
                0x00000000000000f2       0x2d /home/nikita/st/stm32cubeide_1.10.1/plugins/com.st.stm32cube.ide.mcu.externaltools.gnu-tools-for-stm32.10.3-2021.10.linux64_1.0.0.202111181127/tools/bin/../lib/gcc/arm-none-eabi/10.3.1/../../../../arm-none-eabi/lib/thumb/v7-m/nofp/libc_nano.a(lib_a-init.o)
 .ARM.attributes
                0x000000000000011f       0x1d /home/nikita/st/stm32cubeide_1.10.1/plugins/com.st.stm32cube.ide.mcu.externaltools.gnu-tools-for-stm32.10.3-2021.10.linux64_1.0.0.202111181127/tools/bin/../lib/gcc/arm-none-eabi/10.3.1/thumb/v7-m/nofp/crtn.o
OUTPUT(CMSISembroidery.elf elf32-littlearm)
LOAD linker stubs
LOAD /home/nikita/st/stm32cubeide_1.10.1/plugins/com.st.stm32cube.ide.mcu.externaltools.gnu-tools-for-stm32.10.3-2021.10.linux64_1.0.0.202111181127/tools/bin/../lib/gcc/arm-none-eabi/10.3.1/../../../../arm-none-eabi/lib/thumb/v7-m/nofp/libc.a
LOAD /home/nikita/st/stm32cubeide_1.10.1/plugins/com.st.stm32cube.ide.mcu.externaltools.gnu-tools-for-stm32.10.3-2021.10.linux64_1.0.0.202111181127/tools/bin/../lib/gcc/arm-none-eabi/10.3.1/../../../../arm-none-eabi/lib/thumb/v7-m/nofp/libm.a
LOAD /home/nikita/st/stm32cubeide_1.10.1/plugins/com.st.stm32cube.ide.mcu.externaltools.gnu-tools-for-stm32.10.3-2021.10.linux64_1.0.0.202111181127/tools/bin/../lib/gcc/arm-none-eabi/10.3.1/thumb/v7-m/nofp/libgcc.a

.debug_info     0x0000000000000000      0x59d
 .debug_info    0x0000000000000000      0x173 ./Core/Src/main.o
 .debug_info    0x0000000000000173      0x1d2 ./Core/Src/rccconfig.o
 .debug_info    0x0000000000000345      0x236 ./Core/Src/system_stm32f1xx.o
 .debug_info    0x000000000000057b       0x22 ./Core/Startup/startup_stm32f103c8tx.o

.debug_abbrev   0x0000000000000000      0x2fb
 .debug_abbrev  0x0000000000000000       0xf9 ./Core/Src/main.o
 .debug_abbrev  0x00000000000000f9       0xb5 ./Core/Src/rccconfig.o
 .debug_abbrev  0x00000000000001ae      0x13b ./Core/Src/system_stm32f1xx.o
 .debug_abbrev  0x00000000000002e9       0x12 ./Core/Startup/startup_stm32f103c8tx.o

.debug_aranges  0x0000000000000000       0xa8
 .debug_aranges
                0x0000000000000000       0x30 ./Core/Src/main.o
 .debug_aranges
                0x0000000000000030       0x28 ./Core/Src/rccconfig.o
 .debug_aranges
                0x0000000000000058       0x28 ./Core/Src/system_stm32f1xx.o
 .debug_aranges
                0x0000000000000080       0x28 ./Core/Startup/startup_stm32f103c8tx.o

.debug_ranges   0x0000000000000000       0x70
 .debug_ranges  0x0000000000000000       0x20 ./Core/Src/main.o
 .debug_ranges  0x0000000000000020       0x18 ./Core/Src/rccconfig.o
 .debug_ranges  0x0000000000000038       0x18 ./Core/Src/system_stm32f1xx.o
 .debug_ranges  0x0000000000000050       0x20 ./Core/Startup/startup_stm32f103c8tx.o

.debug_macro    0x0000000000000000    0x1007e
 .debug_macro   0x0000000000000000       0xca ./Core/Src/main.o
 .debug_macro   0x00000000000000ca      0xa66 ./Core/Src/main.o
 .debug_macro   0x0000000000000b30       0x2e ./Core/Src/main.o
 .debug_macro   0x0000000000000b5e       0x22 ./Core/Src/main.o
 .debug_macro   0x0000000000000b80       0x22 ./Core/Src/main.o
 .debug_macro   0x0000000000000ba2       0x8e ./Core/Src/main.o
 .debug_macro   0x0000000000000c30       0x51 ./Core/Src/main.o
 .debug_macro   0x0000000000000c81      0x103 ./Core/Src/main.o
 .debug_macro   0x0000000000000d84       0x6a ./Core/Src/main.o
 .debug_macro   0x0000000000000dee      0x1df ./Core/Src/main.o
 .debug_macro   0x0000000000000fcd       0x1c ./Core/Src/main.o
 .debug_macro   0x0000000000000fe9       0x22 ./Core/Src/main.o
 .debug_macro   0x000000000000100b       0xbd ./Core/Src/main.o
 .debug_macro   0x00000000000010c8      0xd23 ./Core/Src/main.o
 .debug_macro   0x0000000000001deb     0xe09e ./Core/Src/main.o
 .debug_macro   0x000000000000fe89       0x6d ./Core/Src/main.o
 .debug_macro   0x000000000000fef6       0xc0 ./Core/Src/rccconfig.o
 .debug_macro   0x000000000000ffb6       0xc8 ./Core/Src/system_stm32f1xx.o

.debug_line     0x0000000000000000      0xead
 .debug_line    0x0000000000000000      0x4bc ./Core/Src/main.o
 .debug_line    0x00000000000004bc      0x499 ./Core/Src/rccconfig.o
 .debug_line    0x0000000000000955      0x4d1 ./Core/Src/system_stm32f1xx.o
 .debug_line    0x0000000000000e26       0x87 ./Core/Startup/startup_stm32f103c8tx.o

.debug_str      0x0000000000000000    0x54443
 .debug_str     0x0000000000000000    0x54302 ./Core/Src/main.o
                                      0x54524 (size before relaxing)
 .debug_str     0x0000000000054302       0x57 ./Core/Src/rccconfig.o
                                      0x54544 (size before relaxing)
 .debug_str     0x0000000000054359       0xb4 ./Core/Src/system_stm32f1xx.o
                                      0x545bc (size before relaxing)
 .debug_str     0x000000000005440d       0x36 ./Core/Startup/startup_stm32f103c8tx.o
                                         0x77 (size before relaxing)

.comment        0x0000000000000000       0x50
 .comment       0x0000000000000000       0x50 ./Core/Src/main.o
                                         0x51 (size before relaxing)
 .comment       0x0000000000000050       0x51 ./Core/Src/rccconfig.o
 .comment       0x0000000000000050       0x51 ./Core/Src/system_stm32f1xx.o

.debug_frame    0x0000000000000000      0x144
 .debug_frame   0x0000000000000000       0x70 ./Core/Src/main.o
 .debug_frame   0x0000000000000070       0x50 ./Core/Src/rccconfig.o
 .debug_frame   0x00000000000000c0       0x58 ./Core/Src/system_stm32f1xx.o
 .debug_frame   0x0000000000000118       0x2c /home/nikita/st/stm32cubeide_1.10.1/plugins/com.st.stm32cube.ide.mcu.externaltools.gnu-tools-for-stm32.10.3-2021.10.linux64_1.0.0.202111181127/tools/bin/../lib/gcc/arm-none-eabi/10.3.1/../../../../arm-none-eabi/lib/thumb/v7-m/nofp/libc_nano.a(lib_a-init.o)
